
Memory Configuration

Name             Origin             Length             Attributes
FLASH            0x0000000008000000 0x0000000000080000 xr
SRAM             0x0000000020000000 0x0000000000020000 xrw
*default*        0x0000000000000000 0xffffffffffffffff

Linker script and memory map

LOAD object/kfloat.o
LOAD object/kmath.o
LOAD object/kstdio.o
LOAD object/kstring.o
LOAD object/ktimes.o
LOAD object/kunistd.o
LOAD object/schedule.o
LOAD object/sys_init.o
LOAD object/kmain.o
LOAD object/clock.o
LOAD object/gpio.o
LOAD object/timer.o
LOAD object/usart.o
LOAD object/stm32_startup.o
LOAD object/cm4.o
LOAD object/syscall.o
LOAD object/times.o
LOAD object/unistd.o

.text           0x0000000008000000     0x2e94
                0x0000000008000000                _stext = .
 *(.isr_vector)
 .isr_vector    0x0000000008000000      0x1c4 object/stm32_startup.o
                0x0000000008000000                NVIC_VECTOR
 *(.text)
 .text          0x00000000080001c4      0x360 object/kfloat.o
                0x00000000080001c4                __aeabi_f2d
                0x000000000800028a                __aeabi_d2f
                0x0000000008000310                __aeabi_d2iz
                0x00000000080003a6                __aeabi_d2i
                0x000000000800043c                get_decimal_part
 .text          0x0000000008000524       0x4e object/kmath.o
                0x0000000008000524                __pow
 *fill*         0x0000000008000572        0x2 
 .text          0x0000000008000574      0x310 object/kstdio.o
                0x0000000008000574                kprintf
                0x0000000008000704                kscanf
 .text          0x0000000008000884      0x374 object/kstring.o
                0x0000000008000884                __str_to_num
                0x0000000008000944                __reverse_str
                0x00000000080009a2                __strlen
                0x00000000080009d0                convert
                0x0000000008000a28                float2str
                0x0000000008000af4                str2float
 .text          0x0000000008000bf8        0x0 object/ktimes.o
 .text          0x0000000008000bf8        0x0 object/kunistd.o
 .text          0x0000000008000bf8      0x31c object/schedule.o
                0x0000000008000bf8                set_sleeping_task
                0x0000000008000c18                task_start
                0x0000000008000c5c                initialize_queue
                0x0000000008000c88                add_to_ready_queue
                0x0000000008000ce4                queue_front_
                0x0000000008000d44                is_queue_empty
                0x0000000008000d5c                generate_task_id
                0x0000000008000d7c                task_create
                0x0000000008000e8c                _schedule
                0x0000000008000ed0                PendSV_Handler
 .text          0x0000000008000f14       0xa4 object/sys_init.o
                0x0000000008000f14                __sys_init
 .text          0x0000000008000fb8      0x290 object/kmain.o
                0x0000000008000fb8                task_sleep
                0x0000000008000ff0                task1
                0x000000000800106c                task2
                0x00000000080010e8                task3
                0x0000000008001164                unprivileged_mode
                0x000000000800117e                __set_interrupt_priorities
                0x00000000080011a4                kmain
 .text          0x0000000008001248       0xbc object/clock.o
                0x0000000008001248                DRV_CLOCK_INIT
 .text          0x0000000008001304       0x20 object/gpio.o
                0x0000000008001304                DRV_GPIO_INIT
 .text          0x0000000008001324        0xe object/timer.o
                0x0000000008001324                DRV_TIMER_INIT
 *fill*         0x0000000008001332        0x2 
 .text          0x0000000008001334      0x220 object/usart.o
                0x0000000008001334                DRV_USART_INIT
                0x00000000080013f0                UART_SendChar
                0x000000000800141e                _USART_WRITE
                0x0000000008001456                _USART_READ
                0x00000000080014b2                UART_GetChar
                0x00000000080014dc                _USART_READ_STR
 .text          0x0000000008001554      0x170 object/stm32_startup.o
                0x0000000008001554                Reset_Handler
                0x000000000800160c                RTC_WKUP_Handler
                0x000000000800160c                FLASH_Handler
                0x000000000800160c                DMA2_Stream7_Handler
                0x000000000800160c                OTG_HS_Handler
                0x000000000800160c                DMA2_Stream3_Handler
                0x000000000800160c                USART3_Handler
                0x000000000800160c                NMI_Handler
                0x000000000800160c                SAI1_Handler
                0x000000000800160c                TIM6_DAC_Handler
                0x000000000800160c                CAN1_RX1_Handler
                0x000000000800160c                EXTI15_10_Handler
                0x000000000800160c                ADC_Handler
                0x000000000800160c                I2C1_EV_Handler
                0x000000000800160c                TAMP_STAMP_Handler
                0x000000000800160c                I2C3_ER_Handler
                0x000000000800160c                WWDG_Handler
                0x000000000800160c                EXTI4_Handler
                0x000000000800160c                I2C3_EV_Handler
                0x000000000800160c                DMA1_Stream1_Handler
                0x000000000800160c                DMA2_Stream4_Handler
                0x000000000800160c                DMA1_Stream7_Handler
                0x000000000800160c                OTG_FS_Handler
                0x000000000800160c                TIM1_BRK_TIM9_Handler
                0x000000000800160c                I2C1_ER_Handler
                0x000000000800160c                DMA1_Stream3_Handler
                0x000000000800160c                UsageFault_Handler
                0x000000000800160c                TIM1_UP_TIM10_Handler
                0x000000000800160c                CAN1_RX0_Handler
                0x000000000800160c                TIM1_CC_Handler
                0x000000000800160c                I2C2_ER_Handler
                0x000000000800160c                USART6_Handler
                0x000000000800160c                TIM8_CC_Handler
                0x000000000800160c                HDMI_CEC_Handler
                0x000000000800160c                SAI2_Handler
                0x000000000800160c                CAN1_SCE_Handler
                0x000000000800160c                DMA1_Stream0_Handler
                0x000000000800160c                OTG_HS_EP1_OUT_Handler
                0x000000000800160c                EXTI1_Handler
                0x000000000800160c                FMC_Handler
                0x000000000800160c                EXTI3_Handler
                0x000000000800160c                EXTI2_Handler
                0x000000000800160c                UART4_Handler
                0x000000000800160c                CAN2_RX1_Handler
                0x000000000800160c                EXTI9_5_Handler
                0x000000000800160c                TIM2_Handler
                0x000000000800160c                USART1_Handler
                0x000000000800160c                CAN2_SCE_Handler
                0x000000000800160c                TIM3_Handler
                0x000000000800160c                DMA2_Stream6_Handler
                0x000000000800160c                Default_Handler
                0x000000000800160c                DCMI_Handler
                0x000000000800160c                TIM1_TRG_COM_TIM11_Handler
                0x000000000800160c                RTC_Alarm_Handler
                0x000000000800160c                TIM4_Handler
                0x000000000800160c                TIM8_UP_TIM13_Handler
                0x000000000800160c                CAN2_TX_Handler
                0x000000000800160c                SPI2_Handler
                0x000000000800160c                DMA2_Stream1_Handler
                0x000000000800160c                DMA1_Stream2_Handler
                0x000000000800160c                EXTI0_Handler
                0x000000000800160c                TIM8_BRK_TIM12_Handler
                0x000000000800160c                CAN2_RX0_Handler
                0x000000000800160c                DMA2_Stream5_Handler
                0x000000000800160c                DMA1_Stream6_Handler
                0x000000000800160c                SDIO_Handler
                0x000000000800160c                FMPI2C1_ERR_Handler
                0x000000000800160c                USART2_Handler
                0x000000000800160c                SPI1_Handler
                0x000000000800160c                I2C2_EV_Handler
                0x000000000800160c                SPDIF_Rx_Handler
                0x000000000800160c                DMA2_Stream2_Handler
                0x000000000800160c                SPI3_Handler
                0x000000000800160c                DMA2_Stream0_Handler
                0x000000000800160c                RCC_Handler
                0x000000000800160c                PVD_Handler
                0x000000000800160c                UART5_Handler
                0x000000000800160c                DMA1_Stream5_Handler
                0x000000000800160c                TIM5_Handler
                0x000000000800160c                QuadSPI_Handler
                0x000000000800160c                TIM7_Handler
                0x000000000800160c                TIM8_TRG_COM_TIM14_Handler
                0x000000000800160c                CAN1_TX_Handler
                0x000000000800160c                FPU_Handler
                0x000000000800160c                FMPI2C1_Handler
                0x000000000800160c                DMA1_Stream4_Handler
                0x000000000800160c                DebugMonitor_Handler
                0x000000000800160c                OTG_HS_WKUP_Handler
                0x000000000800160c                OTG_FS_WKUP_Handler
                0x000000000800160c                SPI4_Handler
                0x000000000800160c                OTG_HS_EP1_IN_Handler
                0x0000000008001612                HardFault_Handler
                0x0000000008001624                MemManage_Handler
                0x0000000008001634                BusFault_Handler
                0x0000000008001644                SVCall_Handler
                0x000000000800165a                SVC_Handler_C
 .text          0x00000000080016c4      0x6c8 object/cm4.o
                0x00000000080016c4                __SysTick_init
                0x000000000800171c                __sysTick_enable
                0x0000000008001748                __sysTick_disable
                0x0000000008001774                __getSysTickCount
                0x000000000800178c                __updateSysTick
                0x00000000080017e4                __getTime
                0x0000000008001818                SysTick_Handler
                0x0000000008001868                set_task_pending
                0x0000000008001894                __enable_fpu
                0x00000000080018b8                SetPriorityGroup
                0x00000000080018e8                __NVIC_SetPriority
                0x00000000080019e8                __NVIC_GetPriority
                0x0000000008001a28                __NVIC_EnableIRQn
                0x0000000008001a90                __NVIC_DisableIRQn
                0x0000000008001afc                __NVIC_GetActive
                0x0000000008001b5c                __get_pending_IRQn
                0x0000000008001bbc                __clear_pending_IRQn
                0x0000000008001c24                __set_pending_IRQn
                0x0000000008001c8c                __disable_irq
                0x0000000008001c9c                __enable_irq
                0x0000000008001cac                __set_BASEPRI
                0x0000000008001ccc                __unset_BASEPRI
                0x0000000008001ce8                __set_PRIMASK
                0x0000000008001d02                __get_PRIMASK
                0x0000000008001d1c                __enable_fault_irq
                0x0000000008001d2c                __set_FAULTMASK
                0x0000000008001d46                __disable_fault_irq
                0x0000000008001d56                __get_FAULTMASK
                0x0000000008001d70                __get_BASEPRI
 .text          0x0000000008001d8c      0x20c object/syscall.o
                0x0000000008001d8c                __sys_start_task
                0x0000000008001dc4                __sys_getpid
                0x0000000008001de8                __sys_exit
                0x0000000008001e08                __sys_read
                0x0000000008001e64                __sys_write
                0x0000000008001e98                __sys_gettime
                0x0000000008001eba                __sys_reboot
                0x0000000008001ed8                __sys_yield
                0x0000000008001ef8                syscall
 .text          0x0000000008001f98        0x0 object/times.o
 .text          0x0000000008001f98      0x564 object/unistd.o
                0x0000000008001f98                exit
                0x0000000008001fa8                getpid
                0x0000000008001fc8                read
                0x0000000008001ff6                write
                0x0000000008002024                get_time
                0x0000000008002042                reboot
                0x0000000008002052                yield
                0x0000000008002062                uprintf
                0x0000000008002350                uscanf
 *(.rodata)
 .rodata        0x00000000080024fc       0x6a object/schedule.o
                0x0000000008002564                initial_task_id
 *fill*         0x0000000008002566        0x2 
 .rodata        0x0000000008002568       0xeb object/sys_init.o
 *fill*         0x0000000008002653        0x1 
 .rodata        0x0000000008002654       0xef object/kmain.o
 *fill*         0x0000000008002743        0x1 
 .rodata        0x0000000008002744       0x46 object/stm32_startup.o
 *fill*         0x000000000800278a        0x2 
 .rodata        0x000000000800278c      0x705 object/syscall.o
                0x0000000008002d7c                sys_errlist
                0x0000000008002e80                sys_nerr
                0x0000000008002e94                . = ALIGN (0x4)
 *fill*         0x0000000008002e91        0x3 
                0x0000000008002e94                _etext = .
                0x0000000008002e94                _la_data = LOADADDR (.data)

.glue_7         0x0000000008002e94        0x0
 .glue_7        0x0000000008002e94        0x0 linker stubs

.glue_7t        0x0000000008002e94        0x0
 .glue_7t       0x0000000008002e94        0x0 linker stubs

.vfp11_veneer   0x0000000008002e94        0x0
 .vfp11_veneer  0x0000000008002e94        0x0 linker stubs

.v4_bx          0x0000000008002e94        0x0
 .v4_bx         0x0000000008002e94        0x0 linker stubs

.iplt           0x0000000008002e94        0x0
 .iplt          0x0000000008002e94        0x0 object/kstdio.o

.rel.dyn        0x0000000008002e94        0x0
 .rel.iplt      0x0000000008002e94        0x0 object/kstdio.o

.data           0x0000000020000000       0x28 load address 0x0000000008002e94
                0x0000000020000000                _sdata = .
 *(.data)
 .data          0x0000000020000000        0x0 object/kfloat.o
 .data          0x0000000020000000        0x0 object/kmath.o
 .data          0x0000000020000000        0x0 object/kstdio.o
 .data          0x0000000020000000       0x25 object/kstring.o
 .data          0x0000000020000025        0x0 object/ktimes.o
 .data          0x0000000020000025        0x0 object/kunistd.o
 *fill*         0x0000000020000025        0x1 
 .data          0x0000000020000026        0x2 object/schedule.o
                0x0000000020000026                last_assigned
 .data          0x0000000020000028        0x0 object/sys_init.o
 .data          0x0000000020000028        0x0 object/kmain.o
 .data          0x0000000020000028        0x0 object/clock.o
 .data          0x0000000020000028        0x0 object/gpio.o
 .data          0x0000000020000028        0x0 object/timer.o
 .data          0x0000000020000028        0x0 object/usart.o
 .data          0x0000000020000028        0x0 object/stm32_startup.o
 .data          0x0000000020000028        0x0 object/cm4.o
 .data          0x0000000020000028        0x0 object/syscall.o
 .data          0x0000000020000028        0x0 object/times.o
 .data          0x0000000020000028        0x0 object/unistd.o
                0x0000000020000028                . = ALIGN (0x4)
                0x0000000020000028                _edata = .

.igot.plt       0x0000000020000028        0x0 load address 0x0000000008002ebc
 .igot.plt      0x0000000020000028        0x0 object/kstdio.o

.bss            0x0000000020000028      0x1ec load address 0x0000000008002ebc
                0x0000000020000028                _sbss = .
 *(.bss)
 .bss           0x0000000020000028        0x0 object/kfloat.o
 .bss           0x0000000020000028        0x0 object/kmath.o
 .bss           0x0000000020000028        0x0 object/kstdio.o
 .bss           0x0000000020000028       0x32 object/kstring.o
 .bss           0x000000002000005a        0x0 object/ktimes.o
 .bss           0x000000002000005a        0x0 object/kunistd.o
 *fill*         0x000000002000005a        0x2 
 .bss           0x000000002000005c       0x40 object/schedule.o
                0x000000002000005c                rq
                0x0000000020000094                current
                0x0000000020000098                __sleep
 .bss           0x000000002000009c        0x0 object/sys_init.o
 .bss           0x000000002000009c      0x164 object/kmain.o
                0x000000002000009c                task
                0x00000000200001dc                _sleep
                0x00000000200001fc                global_count
 .bss           0x0000000020000200        0x0 object/clock.o
 .bss           0x0000000020000200        0x0 object/gpio.o
 .bss           0x0000000020000200        0x0 object/timer.o
 .bss           0x0000000020000200        0x0 object/usart.o
 .bss           0x0000000020000200        0xc object/stm32_startup.o
                0x0000000020000200                _bss_size
                0x0000000020000204                _data_size
                0x0000000020000208                _text_size
 .bss           0x000000002000020c        0x8 object/cm4.o
 .bss           0x0000000020000214        0x0 object/syscall.o
 .bss           0x0000000020000214        0x0 object/times.o
 .bss           0x0000000020000214        0x0 object/unistd.o
                0x0000000020000214                _ebss = .
OUTPUT(target/asst03.elf elf32-littlearm)
LOAD linker stubs

.comment        0x0000000000000000       0x7c
 .comment       0x0000000000000000       0x49 object/kfloat.o
                                         0x4a (size before relaxing)
 .comment       0x0000000000000049       0x4a object/kmath.o
 .comment       0x0000000000000049       0x4a object/kstdio.o
 .comment       0x0000000000000049       0x4a object/kstring.o
 .comment       0x0000000000000049       0x4a object/ktimes.o
 .comment       0x0000000000000049       0x33 object/kunistd.o
                                         0x34 (size before relaxing)
 .comment       0x000000000000007c       0x34 object/schedule.o
 .comment       0x000000000000007c       0x4a object/sys_init.o
 .comment       0x000000000000007c       0x34 object/kmain.o
 .comment       0x000000000000007c       0x4a object/clock.o
 .comment       0x000000000000007c       0x4a object/gpio.o
 .comment       0x000000000000007c       0x4a object/timer.o
 .comment       0x000000000000007c       0x4a object/usart.o
 .comment       0x000000000000007c       0x34 object/stm32_startup.o
 .comment       0x000000000000007c       0x34 object/cm4.o
 .comment       0x000000000000007c       0x34 object/syscall.o
 .comment       0x000000000000007c       0x4a object/times.o
 .comment       0x000000000000007c       0x34 object/unistd.o

.ARM.attributes
                0x0000000000000000       0x32
 .ARM.attributes
                0x0000000000000000       0x32 object/kfloat.o
 .ARM.attributes
                0x0000000000000032       0x32 object/kmath.o
 .ARM.attributes
                0x0000000000000064       0x32 object/kstdio.o
 .ARM.attributes
                0x0000000000000096       0x32 object/kstring.o
 .ARM.attributes
                0x00000000000000c8       0x32 object/ktimes.o
 .ARM.attributes
                0x00000000000000fa       0x37 object/kunistd.o
 .ARM.attributes
                0x0000000000000131       0x32 object/schedule.o
 .ARM.attributes
                0x0000000000000163       0x32 object/sys_init.o
 .ARM.attributes
                0x0000000000000195       0x32 object/kmain.o
 .ARM.attributes
                0x00000000000001c7       0x32 object/clock.o
 .ARM.attributes
                0x00000000000001f9       0x32 object/gpio.o
 .ARM.attributes
                0x000000000000022b       0x32 object/timer.o
 .ARM.attributes
                0x000000000000025d       0x32 object/usart.o
 .ARM.attributes
                0x000000000000028f       0x32 object/stm32_startup.o
 .ARM.attributes
                0x00000000000002c1       0x32 object/cm4.o
 .ARM.attributes
                0x00000000000002f3       0x32 object/syscall.o
 .ARM.attributes
                0x0000000000000325       0x32 object/times.o
 .ARM.attributes
                0x0000000000000357       0x32 object/unistd.o
