
Memory Configuration

Name             Origin             Length             Attributes
FLASH            0x08000000         0x00080000         xr
SRAM             0x20000000         0x00020000         xrw
*default*        0x00000000         0xffffffff

Linker script and memory map

LOAD object/kfloat.o
LOAD object/kmath.o
LOAD object/kstdio.o
LOAD object/kstring.o
LOAD object/ktimes.o
LOAD object/kunistd.o
LOAD object/sys_init.o
LOAD object/kmain.o
LOAD object/clock.o
LOAD object/gpio.o
LOAD object/timer.o
LOAD object/usart.o
LOAD object/stm32_startup.o
LOAD object/cm4.o
LOAD object/syscall.o
LOAD object/times.o
LOAD object/unistd.o

.text           0x08000000     0x25c0
                0x08000000                _stext = .
 *(.isr_vector)
 .isr_vector    0x08000000      0x1c4 object/stm32_startup.o
                0x08000000                NVIC_VECTOR
 *(.text)
 .text          0x080001c4      0x360 object/kfloat.o
                0x080001c4                __aeabi_f2d
                0x0800028a                __aeabi_d2f
                0x08000310                __aeabi_d2iz
                0x080003a6                __aeabi_d2i
                0x0800043c                get_decimal_part
 .text          0x08000524       0x4e object/kmath.o
                0x08000524                __pow
 *fill*         0x08000572        0x2 
 .text          0x08000574      0x310 object/kstdio.o
                0x08000574                kprintf
                0x08000704                kscanf
 .text          0x08000884      0x374 object/kstring.o
                0x08000884                __str_to_num
                0x08000944                __reverse_str
                0x080009a2                __strlen
                0x080009d0                convert
                0x08000a28                float2str
                0x08000af4                str2float
 .text          0x08000bf8        0x0 object/ktimes.o
 .text          0x08000bf8        0x0 object/kunistd.o
 .text          0x08000bf8       0xa4 object/sys_init.o
                0x08000bf8                __sys_init
 .text          0x08000c9c       0x28 object/kmain.o
                0x08000c9c                unprivileged_mode
                0x08000cb6                kmain
 .text          0x08000cc4       0xbc object/clock.o
                0x08000cc4                DRV_CLOCK_INIT
 .text          0x08000d80       0x20 object/gpio.o
                0x08000d80                DRV_GPIO_INIT
 .text          0x08000da0        0xe object/timer.o
                0x08000da0                DRV_TIMER_INIT
 *fill*         0x08000dae        0x2 
 .text          0x08000db0      0x220 object/usart.o
                0x08000db0                DRV_USART_INIT
                0x08000e6c                UART_SendChar
                0x08000e9a                _USART_WRITE
                0x08000ed2                _USART_READ
                0x08000f2e                UART_GetChar
                0x08000f58                _USART_READ_STR
 .text          0x08000fd0      0x170 object/stm32_startup.o
                0x08000fd0                Reset_Handler
                0x08001088                FLASH_Handler
                0x08001088                OTG_HS_EP1_IN_Handler
                0x08001088                DMA2_Stream7_Handler
                0x08001088                OTG_HS_Handler
                0x08001088                SPI4_Handler
                0x08001088                DMA2_Stream3_Handler
                0x08001088                USART3_Handler
                0x08001088                NMI_Handler
                0x08001088                SAI1_Handler
                0x08001088                TIM6_DAC_Handler
                0x08001088                CAN1_RX1_Handler
                0x08001088                EXTI15_10_Handler
                0x08001088                ADC_Handler
                0x08001088                I2C1_EV_Handler
                0x08001088                TAMP_STAMP_Handler
                0x08001088                I2C3_ER_Handler
                0x08001088                WWDG_Handler
                0x08001088                EXTI4_Handler
                0x08001088                I2C3_EV_Handler
                0x08001088                DMA1_Stream1_Handler
                0x08001088                DMA2_Stream4_Handler
                0x08001088                DMA1_Stream7_Handler
                0x08001088                OTG_FS_Handler
                0x08001088                TIM1_BRK_TIM9_Handler
                0x08001088                I2C1_ER_Handler
                0x08001088                DMA1_Stream3_Handler
                0x08001088                UsageFault_Handler
                0x08001088                TIM1_UP_TIM10_Handler
                0x08001088                CAN1_RX0_Handler
                0x08001088                TIM1_CC_Handler
                0x08001088                I2C2_ER_Handler
                0x08001088                USART6_Handler
                0x08001088                TIM8_CC_Handler
                0x08001088                HDMI_CEC_Handler
                0x08001088                SAI2_Handler
                0x08001088                CAN1_SCE_Handler
                0x08001088                DMA1_Stream0_Handler
                0x08001088                OTG_HS_EP1_OUT_Handler
                0x08001088                EXTI1_Handler
                0x08001088                RTC_WKUP_Handler
                0x08001088                FMC_Handler
                0x08001088                EXTI3_Handler
                0x08001088                EXTI2_Handler
                0x08001088                UART4_Handler
                0x08001088                CAN2_RX1_Handler
                0x08001088                EXTI9_5_Handler
                0x08001088                TIM2_Handler
                0x08001088                USART1_Handler
                0x08001088                CAN2_SCE_Handler
                0x08001088                TIM3_Handler
                0x08001088                DMA2_Stream6_Handler
                0x08001088                Default_Handler
                0x08001088                DCMI_Handler
                0x08001088                TIM1_TRG_COM_TIM11_Handler
                0x08001088                RTC_Alarm_Handler
                0x08001088                TIM4_Handler
                0x08001088                TIM8_UP_TIM13_Handler
                0x08001088                CAN2_TX_Handler
                0x08001088                SPI2_Handler
                0x08001088                DMA2_Stream1_Handler
                0x08001088                DMA1_Stream2_Handler
                0x08001088                OTG_FS_WKUP_Handler
                0x08001088                EXTI0_Handler
                0x08001088                TIM8_BRK_TIM12_Handler
                0x08001088                CAN2_RX0_Handler
                0x08001088                DMA2_Stream5_Handler
                0x08001088                DMA1_Stream6_Handler
                0x08001088                SDIO_Handler
                0x08001088                FMPI2C1_ERR_Handler
                0x08001088                USART2_Handler
                0x08001088                SPI1_Handler
                0x08001088                I2C2_EV_Handler
                0x08001088                SPDIF_Rx_Handler
                0x08001088                DMA2_Stream2_Handler
                0x08001088                SPI3_Handler
                0x08001088                DMA2_Stream0_Handler
                0x08001088                RCC_Handler
                0x08001088                PVD_Handler
                0x08001088                UART5_Handler
                0x08001088                DMA1_Stream5_Handler
                0x08001088                TIM5_Handler
                0x08001088                QuadSPI_Handler
                0x08001088                TIM7_Handler
                0x08001088                TIM8_TRG_COM_TIM14_Handler
                0x08001088                CAN1_TX_Handler
                0x08001088                FPU_Handler
                0x08001088                FMPI2C1_Handler
                0x08001088                OTG_HS_WKUP_Handler
                0x08001088                DMA1_Stream4_Handler
                0x08001088                DebugMonitor_Handler
                0x0800108e                HardFault_Handler
                0x080010a0                MemManage_Handler
                0x080010b0                BusFault_Handler
                0x080010c0                SVCall_Handler
                0x080010d6                SVC_Handler_C
 .text          0x08001140      0x4d4 object/cm4.o
                0x08001140                SetPriorityGroup
                0x08001170                __NVIC_SetPriority
                0x08001270                __NVIC_GetPriority
                0x080012b0                __NVIC_EnableIRQn
                0x08001318                __NVIC_DisableIRQn
                0x08001384                __NVIC_GetActive
                0x080013e4                __get_pending_IRQn
                0x08001444                __clear_pending_IRQn
                0x080014ac                __set_pending_IRQn
                0x08001514                __disable_irq
                0x08001524                __enable_irq
                0x08001534                __set_BASEPRI
                0x08001554                __unset_BASEPRI
                0x08001570                __set_PRIMASK
                0x0800158a                __get_PRIMASK
                0x080015a4                __enable_fault_irq
                0x080015b4                __set_FAULTMASK
                0x080015ce                __disable_fault_irq
                0x080015de                __get_FAULTMASK
                0x080015f8                __get_BASEPRI
 .text          0x08001614      0x20c object/syscall.o
                0x08001614                __sys_start_task
                0x0800164c                __sys_getpid
                0x08001670                __sys_exit
                0x08001690                __sys_read
                0x080016ec                __sys_write
                0x08001720                __sys_gettime
                0x08001742                __sys_reboot
                0x08001760                __sys_yield
                0x08001780                syscall
 .text          0x08001820        0x0 object/times.o
 .text          0x08001820      0x564 object/unistd.o
                0x08001820                exit
                0x08001830                getpid
                0x08001850                read
                0x0800187e                write
                0x080018ac                get_time
                0x080018ca                reboot
                0x080018da                yield
                0x080018ea                uprintf
                0x08001bd8                uscanf
 *(.rodata)
 .rodata        0x08001d84       0xeb object/sys_init.o
 *fill*         0x08001e6f        0x1 
 .rodata        0x08001e70       0x46 object/stm32_startup.o
 *fill*         0x08001eb6        0x2 
 .rodata        0x08001eb8      0x705 object/syscall.o
                0x080024a8                sys_errlist
                0x080025ac                sys_nerr
                0x080025c0                . = ALIGN (0x4)
 *fill*         0x080025bd        0x3 
                0x080025c0                _etext = .
                0x080025c0                _la_data = LOADADDR (.data)

.glue_7         0x080025c0        0x0
 .glue_7        0x080025c0        0x0 linker stubs

.glue_7t        0x080025c0        0x0
 .glue_7t       0x080025c0        0x0 linker stubs

.vfp11_veneer   0x080025c0        0x0
 .vfp11_veneer  0x080025c0        0x0 linker stubs

.v4_bx          0x080025c0        0x0
 .v4_bx         0x080025c0        0x0 linker stubs

.iplt           0x080025c0        0x0
 .iplt          0x080025c0        0x0 object/kstdio.o

.rel.dyn        0x080025c0        0x0
 .rel.iplt      0x080025c0        0x0 object/kstdio.o

.data           0x20000000       0x28 load address 0x080025c0
                0x20000000                _sdata = .
 *(.data)
 .data          0x20000000        0x0 object/kfloat.o
 .data          0x20000000        0x0 object/kmath.o
 .data          0x20000000        0x0 object/kstdio.o
 .data          0x20000000       0x25 object/kstring.o
 .data          0x20000025        0x0 object/ktimes.o
 .data          0x20000025        0x0 object/kunistd.o
 .data          0x20000025        0x0 object/sys_init.o
 .data          0x20000025        0x0 object/kmain.o
 .data          0x20000025        0x0 object/clock.o
 .data          0x20000025        0x0 object/gpio.o
 .data          0x20000025        0x0 object/timer.o
 .data          0x20000025        0x0 object/usart.o
 .data          0x20000025        0x0 object/stm32_startup.o
 .data          0x20000025        0x0 object/cm4.o
 .data          0x20000025        0x0 object/syscall.o
 .data          0x20000025        0x0 object/times.o
 .data          0x20000025        0x0 object/unistd.o
                0x20000028                . = ALIGN (0x4)
 *fill*         0x20000025        0x3 
                0x20000028                _edata = .

.igot.plt       0x20000028        0x0 load address 0x080025e8
 .igot.plt      0x20000028        0x0 object/kstdio.o

.bss            0x20000028       0x48 load address 0x080025e8
                0x20000028                _sbss = .
 *(.bss)
 .bss           0x20000028        0x0 object/kfloat.o
 .bss           0x20000028        0x0 object/kmath.o
 .bss           0x20000028        0x0 object/kstdio.o
 .bss           0x20000028       0x32 object/kstring.o
 .bss           0x2000005a        0x0 object/ktimes.o
 .bss           0x2000005a        0x0 object/kunistd.o
 .bss           0x2000005a        0x0 object/sys_init.o
 .bss           0x2000005a        0x0 object/kmain.o
 .bss           0x2000005a        0x0 object/clock.o
 .bss           0x2000005a        0x0 object/gpio.o
 .bss           0x2000005a        0x0 object/timer.o
 .bss           0x2000005a        0x0 object/usart.o
 *fill*         0x2000005a        0x2 
 .bss           0x2000005c        0xc object/stm32_startup.o
                0x2000005c                _bss_size
                0x20000060                _data_size
                0x20000064                _text_size
 .bss           0x20000068        0x8 object/cm4.o
 .bss           0x20000070        0x0 object/syscall.o
 .bss           0x20000070        0x0 object/times.o
 .bss           0x20000070        0x0 object/unistd.o
                0x20000070                _ebss = .
OUTPUT(target/asst03.elf elf32-littlearm)
LOAD linker stubs

.comment        0x00000000       0x49
 .comment       0x00000000       0x49 object/kfloat.o
                                 0x4a (size before relaxing)
 .comment       0x00000049       0x4a object/kmath.o
 .comment       0x00000049       0x4a object/kstdio.o
 .comment       0x00000049       0x4a object/kstring.o
 .comment       0x00000049       0x4a object/ktimes.o
 .comment       0x00000049       0x4a object/kunistd.o
 .comment       0x00000049       0x4a object/sys_init.o
 .comment       0x00000049       0x4a object/kmain.o
 .comment       0x00000049       0x4a object/clock.o
 .comment       0x00000049       0x4a object/gpio.o
 .comment       0x00000049       0x4a object/timer.o
 .comment       0x00000049       0x4a object/usart.o
 .comment       0x00000049       0x4a object/stm32_startup.o
 .comment       0x00000049       0x4a object/cm4.o
 .comment       0x00000049       0x4a object/syscall.o
 .comment       0x00000049       0x4a object/times.o
 .comment       0x00000049       0x4a object/unistd.o

.ARM.attributes
                0x00000000       0x32
 .ARM.attributes
                0x00000000       0x32 object/kfloat.o
 .ARM.attributes
                0x00000032       0x32 object/kmath.o
 .ARM.attributes
                0x00000064       0x32 object/kstdio.o
 .ARM.attributes
                0x00000096       0x32 object/kstring.o
 .ARM.attributes
                0x000000c8       0x32 object/ktimes.o
 .ARM.attributes
                0x000000fa       0x32 object/kunistd.o
 .ARM.attributes
                0x0000012c       0x32 object/sys_init.o
 .ARM.attributes
                0x0000015e       0x32 object/kmain.o
 .ARM.attributes
                0x00000190       0x32 object/clock.o
 .ARM.attributes
                0x000001c2       0x32 object/gpio.o
 .ARM.attributes
                0x000001f4       0x32 object/timer.o
 .ARM.attributes
                0x00000226       0x32 object/usart.o
 .ARM.attributes
                0x00000258       0x32 object/stm32_startup.o
 .ARM.attributes
                0x0000028a       0x32 object/cm4.o
 .ARM.attributes
                0x000002bc       0x32 object/syscall.o
 .ARM.attributes
                0x000002ee       0x32 object/times.o
 .ARM.attributes
                0x00000320       0x32 object/unistd.o
