
Memory Configuration

Name             Origin             Length             Attributes
FLASH            0x08000000         0x00080000         xr
SRAM             0x20000000         0x00020000         xrw
*default*        0x00000000         0xffffffff

Linker script and memory map

LOAD object/kmath.o
LOAD object/kfloat.o
LOAD object/cm4.o
LOAD object/kstring.o
LOAD object/kmain.o
LOAD object/stm32_startup.o
LOAD object/clock.o
LOAD object/usart.o
LOAD object/gpio.o
LOAD object/timer.o
LOAD object/kstdio.o
LOAD object/sys_init.o
LOAD object/unistd.o
LOAD object/times.o
LOAD object/kunistd.o
LOAD object/ktimes.o
LOAD object/syscall.o
LOAD object/seven_segment.o

.text           0x08000000     0x1ec4
                0x08000000                _stext = .
 *(.isr_vector)
 .isr_vector    0x08000000      0x1c4 object/stm32_startup.o
                0x08000000                NVIC_VECTOR
 *(.text)
 .text          0x080001c4       0x4e object/kmath.o
                0x080001c4                __pow
 *fill*         0x08000212        0x2 
 .text          0x08000214      0x360 object/kfloat.o
                0x08000214                __aeabi_f2d
                0x080002da                __aeabi_d2f
                0x08000360                __aeabi_d2iz
                0x080003f6                __aeabi_d2i
                0x0800048c                get_decimal_part
 .text          0x08000574      0x1ac object/cm4.o
                0x08000574                __SysTick_init
                0x080005cc                __sysTick_enable
                0x080005f8                __sysTick_disable
                0x08000624                __getSysTickCount
                0x0800063c                __updateSysTick
                0x08000694                __getTime
                0x080006c8                SysTick_Handler
                0x080006fc                __enable_fpu
 .text          0x08000720      0x3d4 object/kstring.o
                0x08000720                __str_to_num
                0x08000818                __reverse_str
                0x08000876                __strlen
                0x080008a4                convert
                0x08000924                float2str
                0x080009f0                str2float
 .text          0x08000af4       0x38 object/kmain.o
                0x08000af4                kmain
 .text          0x08000b2c       0xe0 object/stm32_startup.o
                0x08000b2c                Reset_Handler
                0x08000be4                FLASH_Handler
                0x08000be4                SPI4_Handler
                0x08000be4                DMA2_Stream7_Handler
                0x08000be4                OTG_HS_Handler
                0x08000be4                OTG_FS_WKUP_Handler
                0x08000be4                DMA2_Stream3_Handler
                0x08000be4                USART3_Handler
                0x08000be4                PendSV_Handler
                0x08000be4                NMI_Handler
                0x08000be4                SAI1_Handler
                0x08000be4                TIM6_DAC_Handler
                0x08000be4                CAN1_RX1_Handler
                0x08000be4                EXTI15_10_Handler
                0x08000be4                ADC_Handler
                0x08000be4                I2C1_EV_Handler
                0x08000be4                TAMP_STAMP_Handler
                0x08000be4                I2C3_ER_Handler
                0x08000be4                WWDG_Handler
                0x08000be4                EXTI4_Handler
                0x08000be4                I2C3_EV_Handler
                0x08000be4                DMA1_Stream1_Handler
                0x08000be4                DMA2_Stream4_Handler
                0x08000be4                DMA1_Stream7_Handler
                0x08000be4                OTG_FS_Handler
                0x08000be4                TIM1_BRK_TIM9_Handler
                0x08000be4                I2C1_ER_Handler
                0x08000be4                DMA1_Stream3_Handler
                0x08000be4                UsageFault_Handler
                0x08000be4                TIM1_UP_TIM10_Handler
                0x08000be4                CAN1_RX0_Handler
                0x08000be4                TIM1_CC_Handler
                0x08000be4                I2C2_ER_Handler
                0x08000be4                USART6_Handler
                0x08000be4                TIM8_CC_Handler
                0x08000be4                HDMI_CEC_Handler
                0x08000be4                SAI2_Handler
                0x08000be4                CAN1_SCE_Handler
                0x08000be4                DMA1_Stream0_Handler
                0x08000be4                OTG_HS_EP1_OUT_Handler
                0x08000be4                EXTI1_Handler
                0x08000be4                RTC_WKUP_Handler
                0x08000be4                FMC_Handler
                0x08000be4                EXTI3_Handler
                0x08000be4                EXTI2_Handler
                0x08000be4                UART4_Handler
                0x08000be4                CAN2_RX1_Handler
                0x08000be4                EXTI9_5_Handler
                0x08000be4                TIM2_Handler
                0x08000be4                USART1_Handler
                0x08000be4                CAN2_SCE_Handler
                0x08000be4                TIM3_Handler
                0x08000be4                DMA2_Stream6_Handler
                0x08000be4                Default_Handler
                0x08000be4                DCMI_Handler
                0x08000be4                TIM1_TRG_COM_TIM11_Handler
                0x08000be4                RTC_Alarm_Handler
                0x08000be4                TIM4_Handler
                0x08000be4                TIM8_UP_TIM13_Handler
                0x08000be4                CAN2_TX_Handler
                0x08000be4                SPI2_Handler
                0x08000be4                DMA2_Stream1_Handler
                0x08000be4                DMA1_Stream2_Handler
                0x08000be4                OTG_HS_WKUP_Handler
                0x08000be4                EXTI0_Handler
                0x08000be4                TIM8_BRK_TIM12_Handler
                0x08000be4                CAN2_RX0_Handler
                0x08000be4                DMA2_Stream5_Handler
                0x08000be4                DMA1_Stream6_Handler
                0x08000be4                SDIO_Handler
                0x08000be4                FMPI2C1_ERR_Handler
                0x08000be4                USART2_Handler
                0x08000be4                SPI1_Handler
                0x08000be4                I2C2_EV_Handler
                0x08000be4                SPDIF_Rx_Handler
                0x08000be4                DMA2_Stream2_Handler
                0x08000be4                SPI3_Handler
                0x08000be4                DMA2_Stream0_Handler
                0x08000be4                RCC_Handler
                0x08000be4                PVD_Handler
                0x08000be4                UART5_Handler
                0x08000be4                DMA1_Stream5_Handler
                0x08000be4                TIM5_Handler
                0x08000be4                QuadSPI_Handler
                0x08000be4                TIM7_Handler
                0x08000be4                TIM8_TRG_COM_TIM14_Handler
                0x08000be4                CAN1_TX_Handler
                0x08000be4                FPU_Handler
                0x08000be4                FMPI2C1_Handler
                0x08000be4                DebugMonitor_Handler
                0x08000be4                DMA1_Stream4_Handler
                0x08000be4                OTG_HS_EP1_IN_Handler
                0x08000bea                HardFault_Handler
                0x08000bf0                MemManage_Handler
                0x08000bf6                BusFault_Handler
                0x08000bfc                SVCall_Handler
 .text          0x08000c0c       0xbc object/clock.o
                0x08000c0c                DRV_CLOCK_INIT
 .text          0x08000cc8      0x1fc object/usart.o
                0x08000cc8                DRV_USART_INIT
                0x08000d84                UART_SendChar
                0x08000db2                _USART_WRITE
                0x08000de0                _USART_READ
                0x08000e3c                UART_GetChar
                0x08000e66                _USART_READ_STR
 .text          0x08000ec4      0x524 object/gpio.o
                0x08000ec4                GPIO_WritePin
                0x08000ef8                GPIO_Init
                0x08001200                GPIO_DeInit
 .text          0x080013e8        0xe object/timer.o
                0x080013e8                DRV_TIMER_INIT
 *fill*         0x080013f6        0x2 
 .text          0x080013f8      0x228 object/kstdio.o
                0x080013f8                kprintf
                0x08001478                kscanf
 .text          0x08001620       0x24 object/sys_init.o
                0x08001620                __sys_init
 .text          0x08001644        0x0 object/unistd.o
 .text          0x08001644        0x0 object/times.o
 .text          0x08001644        0x0 object/kunistd.o
 .text          0x08001644        0x0 object/ktimes.o
 .text          0x08001644       0x5e object/syscall.o
                0x08001644                syscall
 *fill*         0x080016a2        0x2 
 .text          0x080016a4      0x120 object/seven_segment.o
                0x080016a4                led_on
                0x080016d0                led_off
                0x0800171c                select_leds
                0x08001768                led_init
 *(.rodata)
 .rodata        0x080017c4        0x4 object/kstring.o
 .rodata        0x080017c8        0x3 object/kmain.o
 *fill*         0x080017cb        0x1 
 .rodata        0x080017cc      0x6f8 object/syscall.o
                0x08001dbc                sys_errlist
                0x08001ec0                sys_nerr
                0x08001ec4                . = ALIGN (0x4)
                0x08001ec4                _etext = .
                0x08001ec4                _la_data = LOADADDR (.data)

.glue_7         0x08001ec4        0x0
 .glue_7        0x08001ec4        0x0 linker stubs

.glue_7t        0x08001ec4        0x0
 .glue_7t       0x08001ec4        0x0 linker stubs

.vfp11_veneer   0x08001ec4        0x0
 .vfp11_veneer  0x08001ec4        0x0 linker stubs

.v4_bx          0x08001ec4        0x0
 .v4_bx         0x08001ec4        0x0 linker stubs

.iplt           0x08001ec4        0x0
 .iplt          0x08001ec4        0x0 object/cm4.o

.rel.dyn        0x08001ec4        0x0
 .rel.iplt      0x08001ec4        0x0 object/cm4.o

.data           0x20000000       0x70 load address 0x08001ec4
                0x20000000                _sdata = .
 *(.data)
 .data          0x20000000        0x0 object/kmath.o
 .data          0x20000000        0x0 object/kfloat.o
 .data          0x20000000        0x0 object/cm4.o
 .data          0x20000000       0x25 object/kstring.o
 .data          0x20000025        0x0 object/kmain.o
 .data          0x20000025        0x0 object/stm32_startup.o
 .data          0x20000025        0x0 object/clock.o
 .data          0x20000025        0x0 object/usart.o
 .data          0x20000025        0x0 object/gpio.o
 .data          0x20000025        0x0 object/timer.o
 .data          0x20000025        0x0 object/kstdio.o
 .data          0x20000025        0x0 object/sys_init.o
 .data          0x20000025        0x0 object/unistd.o
 .data          0x20000025        0x0 object/times.o
 .data          0x20000025        0x0 object/kunistd.o
 .data          0x20000025        0x0 object/ktimes.o
 .data          0x20000025        0x0 object/syscall.o
 *fill*         0x20000025        0x3 
 .data          0x20000028       0x46 object/seven_segment.o
                0x20000028                led_sets
                0x20000070                . = ALIGN (0x4)
 *fill*         0x2000006e        0x2 
                0x20000070                _edata = .

.igot.plt       0x20000070        0x0 load address 0x08001f34
 .igot.plt      0x20000070        0x0 object/cm4.o

.bss            0x20000070       0x44 load address 0x08001f34
                0x20000070                _sbss = .
 *(.bss)
 .bss           0x20000070        0x0 object/kmath.o
 .bss           0x20000070        0x0 object/kfloat.o
 .bss           0x20000070        0x4 object/cm4.o
 .bss           0x20000074       0x32 object/kstring.o
 .bss           0x200000a6        0x0 object/kmain.o
 *fill*         0x200000a6        0x2 
 .bss           0x200000a8        0xc object/stm32_startup.o
                0x200000a8                _bss_size
                0x200000ac                _data_size
                0x200000b0                _text_size
 .bss           0x200000b4        0x0 object/clock.o
 .bss           0x200000b4        0x0 object/usart.o
 .bss           0x200000b4        0x0 object/gpio.o
 .bss           0x200000b4        0x0 object/timer.o
 .bss           0x200000b4        0x0 object/kstdio.o
 .bss           0x200000b4        0x0 object/sys_init.o
 .bss           0x200000b4        0x0 object/unistd.o
 .bss           0x200000b4        0x0 object/times.o
 .bss           0x200000b4        0x0 object/kunistd.o
 .bss           0x200000b4        0x0 object/ktimes.o
 .bss           0x200000b4        0x0 object/syscall.o
 .bss           0x200000b4        0x0 object/seven_segment.o
                0x200000b4                _ebss = .
OUTPUT(target/duos elf32-littlearm)
LOAD linker stubs

.comment        0x00000000       0x49
 .comment       0x00000000       0x49 object/kmath.o
                                 0x4a (size before relaxing)
 .comment       0x00000049       0x4a object/kfloat.o
 .comment       0x00000049       0x4a object/cm4.o
 .comment       0x00000049       0x4a object/kstring.o
 .comment       0x00000049       0x4a object/kmain.o
 .comment       0x00000049       0x4a object/stm32_startup.o
 .comment       0x00000049       0x4a object/clock.o
 .comment       0x00000049       0x4a object/usart.o
 .comment       0x00000049       0x4a object/gpio.o
 .comment       0x00000049       0x4a object/timer.o
 .comment       0x00000049       0x4a object/kstdio.o
 .comment       0x00000049       0x4a object/sys_init.o
 .comment       0x00000049       0x4a object/unistd.o
 .comment       0x00000049       0x4a object/times.o
 .comment       0x00000049       0x4a object/kunistd.o
 .comment       0x00000049       0x4a object/ktimes.o
 .comment       0x00000049       0x4a object/syscall.o
 .comment       0x00000049       0x4a object/seven_segment.o

.ARM.attributes
                0x00000000       0x32
 .ARM.attributes
                0x00000000       0x32 object/kmath.o
 .ARM.attributes
                0x00000032       0x32 object/kfloat.o
 .ARM.attributes
                0x00000064       0x32 object/cm4.o
 .ARM.attributes
                0x00000096       0x32 object/kstring.o
 .ARM.attributes
                0x000000c8       0x32 object/kmain.o
 .ARM.attributes
                0x000000fa       0x32 object/stm32_startup.o
 .ARM.attributes
                0x0000012c       0x32 object/clock.o
 .ARM.attributes
                0x0000015e       0x32 object/usart.o
 .ARM.attributes
                0x00000190       0x32 object/gpio.o
 .ARM.attributes
                0x000001c2       0x32 object/timer.o
 .ARM.attributes
                0x000001f4       0x32 object/kstdio.o
 .ARM.attributes
                0x00000226       0x32 object/sys_init.o
 .ARM.attributes
                0x00000258       0x32 object/unistd.o
 .ARM.attributes
                0x0000028a       0x32 object/times.o
 .ARM.attributes
                0x000002bc       0x32 object/kunistd.o
 .ARM.attributes
                0x000002ee       0x32 object/ktimes.o
 .ARM.attributes
                0x00000320       0x32 object/syscall.o
 .ARM.attributes
                0x00000352       0x32 object/seven_segment.o
