
Memory Configuration

Name             Origin             Length             Attributes
FLASH            0x08000000         0x00080000         xr
SRAM             0x20000000         0x00020000         xrw
*default*        0x00000000         0xffffffff

Linker script and memory map

LOAD object/kfloat.o
LOAD object/kmath.o
LOAD object/kstdio.o
LOAD object/kstring.o
LOAD object/ktimes.o
LOAD object/kunistd.o
LOAD object/schedule.o
LOAD object/sys_init.o
LOAD object/kmain.o
LOAD object/clock.o
LOAD object/gpio.o
LOAD object/timer.o
LOAD object/usart.o
LOAD object/stm32_startup.o
LOAD object/cm4.o
LOAD object/syscall.o
LOAD object/times.o
LOAD object/unistd.o

.text           0x08000000     0x3544
                0x08000000                _stext = .
 *(.isr_vector)
 .isr_vector    0x08000000      0x1c4 object/stm32_startup.o
                0x08000000                NVIC_VECTOR
 *(.text)
 .text          0x080001c4      0x360 object/kfloat.o
                0x080001c4                __aeabi_f2d
                0x0800028a                __aeabi_d2f
                0x08000310                __aeabi_d2iz
                0x080003a6                __aeabi_d2i
                0x0800043c                get_decimal_part
 .text          0x08000524       0x4e object/kmath.o
                0x08000524                __pow
 *fill*         0x08000572        0x2 
 .text          0x08000574      0x3a8 object/kstdio.o
                0x08000574                kprintf
                0x08000704                kscanf
                0x08000884                kstrcpy
                0x080008c0                kstrcmp
 .text          0x0800091c      0x374 object/kstring.o
                0x0800091c                __str_to_num
                0x080009dc                __reverse_str
                0x08000a3a                __strlen
                0x08000a68                convert
                0x08000ac0                float2str
                0x08000b8c                str2float
 .text          0x08000c90        0x0 object/ktimes.o
 .text          0x08000c90        0x0 object/kunistd.o
 .text          0x08000c90      0x31c object/schedule.o
                0x08000c90                set_sleeping_task
                0x08000cb0                task_start
                0x08000cf4                initialize_queue
                0x08000d20                add_to_ready_queue
                0x08000d7c                queue_front_
                0x08000ddc                is_queue_empty
                0x08000df4                generate_task_id
                0x08000e14                task_create
                0x08000f24                _schedule
                0x08000f68                PendSV_Handler
 .text          0x08000fac       0x98 object/sys_init.o
                0x08000fac                __sys_init
 .text          0x08001044      0x1e8 object/kmain.o
                0x08001044                task_sleep
                0x0800107c                Task
                0x08001138                unprivileged_mode
                0x08001152                __set_interrupt_priorities
                0x08001178                kmain
 .text          0x0800122c       0xbc object/clock.o
                0x0800122c                DRV_CLOCK_INIT
 .text          0x080012e8       0x20 object/gpio.o
                0x080012e8                DRV_GPIO_INIT
 .text          0x08001308        0xe object/timer.o
                0x08001308                DRV_TIMER_INIT
 *fill*         0x08001316        0x2 
 .text          0x08001318      0x220 object/usart.o
                0x08001318                DRV_USART_INIT
                0x080013d4                UART_SendChar
                0x08001402                _USART_WRITE
                0x0800143a                _USART_READ
                0x08001496                UART_GetChar
                0x080014c0                _USART_READ_STR
 .text          0x08001538      0x170 object/stm32_startup.o
                0x08001538                Reset_Handler
                0x080015f0                FLASH_Handler
                0x080015f0                OTG_HS_EP1_IN_Handler
                0x080015f0                DMA2_Stream7_Handler
                0x080015f0                OTG_HS_Handler
                0x080015f0                SPI4_Handler
                0x080015f0                DMA2_Stream3_Handler
                0x080015f0                USART3_Handler
                0x080015f0                NMI_Handler
                0x080015f0                SAI1_Handler
                0x080015f0                TIM6_DAC_Handler
                0x080015f0                CAN1_RX1_Handler
                0x080015f0                EXTI15_10_Handler
                0x080015f0                ADC_Handler
                0x080015f0                I2C1_EV_Handler
                0x080015f0                TAMP_STAMP_Handler
                0x080015f0                I2C3_ER_Handler
                0x080015f0                WWDG_Handler
                0x080015f0                EXTI4_Handler
                0x080015f0                I2C3_EV_Handler
                0x080015f0                DMA1_Stream1_Handler
                0x080015f0                DMA2_Stream4_Handler
                0x080015f0                DMA1_Stream7_Handler
                0x080015f0                OTG_FS_Handler
                0x080015f0                TIM1_BRK_TIM9_Handler
                0x080015f0                I2C1_ER_Handler
                0x080015f0                DMA1_Stream3_Handler
                0x080015f0                UsageFault_Handler
                0x080015f0                TIM1_UP_TIM10_Handler
                0x080015f0                CAN1_RX0_Handler
                0x080015f0                TIM1_CC_Handler
                0x080015f0                I2C2_ER_Handler
                0x080015f0                USART6_Handler
                0x080015f0                TIM8_CC_Handler
                0x080015f0                HDMI_CEC_Handler
                0x080015f0                SAI2_Handler
                0x080015f0                CAN1_SCE_Handler
                0x080015f0                DMA1_Stream0_Handler
                0x080015f0                OTG_HS_EP1_OUT_Handler
                0x080015f0                EXTI1_Handler
                0x080015f0                RTC_WKUP_Handler
                0x080015f0                FMC_Handler
                0x080015f0                EXTI3_Handler
                0x080015f0                EXTI2_Handler
                0x080015f0                UART4_Handler
                0x080015f0                CAN2_RX1_Handler
                0x080015f0                EXTI9_5_Handler
                0x080015f0                TIM2_Handler
                0x080015f0                USART1_Handler
                0x080015f0                CAN2_SCE_Handler
                0x080015f0                TIM3_Handler
                0x080015f0                DMA2_Stream6_Handler
                0x080015f0                Default_Handler
                0x080015f0                DCMI_Handler
                0x080015f0                TIM1_TRG_COM_TIM11_Handler
                0x080015f0                RTC_Alarm_Handler
                0x080015f0                TIM4_Handler
                0x080015f0                TIM8_UP_TIM13_Handler
                0x080015f0                CAN2_TX_Handler
                0x080015f0                SPI2_Handler
                0x080015f0                DMA2_Stream1_Handler
                0x080015f0                DMA1_Stream2_Handler
                0x080015f0                OTG_FS_WKUP_Handler
                0x080015f0                EXTI0_Handler
                0x080015f0                TIM8_BRK_TIM12_Handler
                0x080015f0                CAN2_RX0_Handler
                0x080015f0                DMA2_Stream5_Handler
                0x080015f0                DMA1_Stream6_Handler
                0x080015f0                SDIO_Handler
                0x080015f0                FMPI2C1_ERR_Handler
                0x080015f0                USART2_Handler
                0x080015f0                SPI1_Handler
                0x080015f0                I2C2_EV_Handler
                0x080015f0                SPDIF_Rx_Handler
                0x080015f0                DMA2_Stream2_Handler
                0x080015f0                SPI3_Handler
                0x080015f0                DMA2_Stream0_Handler
                0x080015f0                RCC_Handler
                0x080015f0                PVD_Handler
                0x080015f0                UART5_Handler
                0x080015f0                DMA1_Stream5_Handler
                0x080015f0                TIM5_Handler
                0x080015f0                QuadSPI_Handler
                0x080015f0                TIM7_Handler
                0x080015f0                TIM8_TRG_COM_TIM14_Handler
                0x080015f0                CAN1_TX_Handler
                0x080015f0                FPU_Handler
                0x080015f0                FMPI2C1_Handler
                0x080015f0                OTG_HS_WKUP_Handler
                0x080015f0                DMA1_Stream4_Handler
                0x080015f0                DebugMonitor_Handler
                0x080015f6                HardFault_Handler
                0x08001608                MemManage_Handler
                0x08001618                BusFault_Handler
                0x08001628                SVCall_Handler
                0x0800163e                SVC_Handler_C
 .text          0x080016a8      0x6c8 object/cm4.o
                0x080016a8                __SysTick_init
                0x08001700                __sysTick_enable
                0x0800172c                __sysTick_disable
                0x08001758                __getSysTickCount
                0x08001770                __updateSysTick
                0x080017c8                __getTime
                0x080017fc                SysTick_Handler
                0x0800184c                set_task_pending
                0x08001878                __enable_fpu
                0x0800189c                SetPriorityGroup
                0x080018cc                __NVIC_SetPriority
                0x080019cc                __NVIC_GetPriority
                0x08001a0c                __NVIC_EnableIRQn
                0x08001a74                __NVIC_DisableIRQn
                0x08001ae0                __NVIC_GetActive
                0x08001b40                __get_pending_IRQn
                0x08001ba0                __clear_pending_IRQn
                0x08001c08                __set_pending_IRQn
                0x08001c70                __disable_irq
                0x08001c80                __enable_irq
                0x08001c90                __set_BASEPRI
                0x08001cb0                __unset_BASEPRI
                0x08001ccc                __set_PRIMASK
                0x08001ce6                __get_PRIMASK
                0x08001d00                __enable_fault_irq
                0x08001d10                __set_FAULTMASK
                0x08001d2a                __disable_fault_irq
                0x08001d3a                __get_FAULTMASK
                0x08001d54                __get_BASEPRI
 .text          0x08001d70      0x420 object/syscall.o
                0x08001d70                kfopen
                0x08001e34                printDirectory
                0x08001f04                __sys_start_task
                0x08001f3c                __sys_getpid
                0x08001f60                __sys_exit
                0x08001f80                __sys_read
                0x08001fdc                __sys_write
                0x08002010                __sys_open
                0x08002046                __sys_gettime
                0x08002068                __sys_reboot
                0x08002088                __sys_yield
                0x080020a8                __sys_getdirentry
                0x080020b4                syscall
 .text          0x08002190        0x0 object/times.o
 .text          0x08002190      0x974 object/unistd.o
                0x08002190                exit
                0x080021a0                getpid
                0x080021c0                getfile
                0x080021d0                read
                0x080021fe                write
                0x0800222c                fopen
                0x08002254                get_time
                0x08002272                reboot
                0x08002282                yield
                0x08002292                uprintf
                0x08002580                uscanf
                0x0800272a                fprintf
 *(.rodata)
 .rodata        0x08002b04       0x6a object/schedule.o
                0x08002b6c                initial_task_id
 *fill*         0x08002b6e        0x2 
 .rodata        0x08002b70       0xe8 object/sys_init.o
 .rodata        0x08002c58      0x137 object/kmain.o
 *fill*         0x08002d8f        0x1 
 .rodata        0x08002d90       0x46 object/stm32_startup.o
 *fill*         0x08002dd6        0x2 
 .rodata        0x08002dd8      0x769 object/syscall.o
                0x080033c8                sys_errlist
                0x080034cc                sys_nerr
                0x08003544                . = ALIGN (0x4)
 *fill*         0x08003541        0x3 
                0x08003544                _etext = .
                0x08003544                _la_data = LOADADDR (.data)

.glue_7         0x08003544        0x0
 .glue_7        0x08003544        0x0 linker stubs

.glue_7t        0x08003544        0x0
 .glue_7t       0x08003544        0x0 linker stubs

.vfp11_veneer   0x08003544        0x0
 .vfp11_veneer  0x08003544        0x0 linker stubs

.v4_bx          0x08003544        0x0
 .v4_bx         0x08003544        0x0 linker stubs

.iplt           0x08003544        0x0
 .iplt          0x08003544        0x0 object/kstdio.o

.rel.dyn        0x08003544        0x0
 .rel.iplt      0x08003544        0x0 object/kstdio.o

.data           0x20000000       0x28 load address 0x08003544
                0x20000000                _sdata = .
 *(.data)
 .data          0x20000000        0x0 object/kfloat.o
 .data          0x20000000        0x0 object/kmath.o
 .data          0x20000000        0x0 object/kstdio.o
 .data          0x20000000       0x25 object/kstring.o
 .data          0x20000025        0x0 object/ktimes.o
 .data          0x20000025        0x0 object/kunistd.o
 *fill*         0x20000025        0x1 
 .data          0x20000026        0x2 object/schedule.o
                0x20000026                last_assigned
 .data          0x20000028        0x0 object/sys_init.o
 .data          0x20000028        0x0 object/kmain.o
 .data          0x20000028        0x0 object/clock.o
 .data          0x20000028        0x0 object/gpio.o
 .data          0x20000028        0x0 object/timer.o
 .data          0x20000028        0x0 object/usart.o
 .data          0x20000028        0x0 object/stm32_startup.o
 .data          0x20000028        0x0 object/cm4.o
 .data          0x20000028        0x0 object/syscall.o
 .data          0x20000028        0x0 object/times.o
 .data          0x20000028        0x0 object/unistd.o
                0x20000028                . = ALIGN (0x4)
                0x20000028                _edata = .

.igot.plt       0x20000028        0x0 load address 0x0800356c
 .igot.plt      0x20000028        0x0 object/kstdio.o

.bss            0x20000028      0xeac load address 0x0800356c
                0x20000028                _sbss = .
 *(.bss)
 .bss           0x20000028        0x0 object/kfloat.o
 .bss           0x20000028        0x0 object/kmath.o
 .bss           0x20000028        0x0 object/kstdio.o
 .bss           0x20000028       0x32 object/kstring.o
 .bss           0x2000005a        0x0 object/ktimes.o
 .bss           0x2000005a        0x0 object/kunistd.o
 *fill*         0x2000005a        0x2 
 .bss           0x2000005c       0x7c object/schedule.o
                0x2000005c                rq
                0x200000d0                current
                0x200000d4                __sleep
 .bss           0x200000d8        0x0 object/sys_init.o
 .bss           0x200000d8      0x2e4 object/kmain.o
                0x200000d8                task
                0x20000398                _sleep
                0x200003b8                global_count
 .bss           0x200003bc        0x0 object/clock.o
 .bss           0x200003bc        0x0 object/gpio.o
 .bss           0x200003bc        0x0 object/timer.o
 .bss           0x200003bc        0x0 object/usart.o
 .bss           0x200003bc        0xc object/stm32_startup.o
                0x200003bc                _bss_size
                0x200003c0                _data_size
                0x200003c4                _text_size
 .bss           0x200003c8        0x8 object/cm4.o
 .bss           0x200003d0      0xb04 object/syscall.o
                0x200003d0                directory
                0x20000ed0                current_index
 .bss           0x20000ed4        0x0 object/times.o
 .bss           0x20000ed4        0x0 object/unistd.o
                0x20000ed4                _ebss = .
OUTPUT(target/asst03.elf elf32-littlearm)
LOAD linker stubs

.comment        0x00000000       0x49
 .comment       0x00000000       0x49 object/kfloat.o
                                 0x4a (size before relaxing)
 .comment       0x00000049       0x4a object/kmath.o
 .comment       0x00000049       0x4a object/kstdio.o
 .comment       0x00000049       0x4a object/kstring.o
 .comment       0x00000049       0x4a object/ktimes.o
 .comment       0x00000049       0x4a object/kunistd.o
 .comment       0x00000049       0x4a object/schedule.o
 .comment       0x00000049       0x4a object/sys_init.o
 .comment       0x00000049       0x4a object/kmain.o
 .comment       0x00000049       0x4a object/clock.o
 .comment       0x00000049       0x4a object/gpio.o
 .comment       0x00000049       0x4a object/timer.o
 .comment       0x00000049       0x4a object/usart.o
 .comment       0x00000049       0x4a object/stm32_startup.o
 .comment       0x00000049       0x4a object/cm4.o
 .comment       0x00000049       0x4a object/syscall.o
 .comment       0x00000049       0x4a object/times.o
 .comment       0x00000049       0x4a object/unistd.o

.ARM.attributes
                0x00000000       0x32
 .ARM.attributes
                0x00000000       0x32 object/kfloat.o
 .ARM.attributes
                0x00000032       0x32 object/kmath.o
 .ARM.attributes
                0x00000064       0x32 object/kstdio.o
 .ARM.attributes
                0x00000096       0x32 object/kstring.o
 .ARM.attributes
                0x000000c8       0x32 object/ktimes.o
 .ARM.attributes
                0x000000fa       0x32 object/kunistd.o
 .ARM.attributes
                0x0000012c       0x32 object/schedule.o
 .ARM.attributes
                0x0000015e       0x32 object/sys_init.o
 .ARM.attributes
                0x00000190       0x32 object/kmain.o
 .ARM.attributes
                0x000001c2       0x32 object/clock.o
 .ARM.attributes
                0x000001f4       0x32 object/gpio.o
 .ARM.attributes
                0x00000226       0x32 object/timer.o
 .ARM.attributes
                0x00000258       0x32 object/usart.o
 .ARM.attributes
                0x0000028a       0x32 object/stm32_startup.o
 .ARM.attributes
                0x000002bc       0x32 object/cm4.o
 .ARM.attributes
                0x000002ee       0x32 object/syscall.o
 .ARM.attributes
                0x00000320       0x32 object/times.o
 .ARM.attributes
                0x00000352       0x32 object/unistd.o
