
Memory Configuration

Name             Origin             Length             Attributes
FLASH            0x08000000         0x00080000         xr
SRAM             0x20000000         0x00020000         xrw
*default*        0x00000000         0xffffffff

Linker script and memory map

LOAD object/kfloat.o
LOAD object/kmath.o
LOAD object/kstdio.o
LOAD object/kstring.o
LOAD object/ktimes.o
LOAD object/kunistd.o
LOAD object/schedule.o
LOAD object/sys_init.o
LOAD object/kmain.o
LOAD object/clock.o
LOAD object/gpio.o
LOAD object/timer.o
LOAD object/usart.o
LOAD object/stm32_startup.o
LOAD object/cm4.o
LOAD object/syscall.o
LOAD object/times.o
LOAD object/unistd.o

.text           0x08000000     0x2eb0
                0x08000000                _stext = .
 *(.isr_vector)
 .isr_vector    0x08000000      0x1c4 object/stm32_startup.o
                0x08000000                NVIC_VECTOR
 *(.text)
 .text          0x080001c4      0x360 object/kfloat.o
                0x080001c4                __aeabi_f2d
                0x0800028a                __aeabi_d2f
                0x08000310                __aeabi_d2iz
                0x080003a6                __aeabi_d2i
                0x0800043c                get_decimal_part
 .text          0x08000524       0x4e object/kmath.o
                0x08000524                __pow
 *fill*         0x08000572        0x2 
 .text          0x08000574      0x320 object/kstdio.o
                0x08000574                kprintf
                0x08000704                kscanf
                0x08000884                add_directory
 .text          0x08000894      0x374 object/kstring.o
                0x08000894                __str_to_num
                0x08000954                __reverse_str
                0x080009b2                __strlen
                0x080009e0                convert
                0x08000a38                float2str
                0x08000b04                str2float
 .text          0x08000c08        0x0 object/ktimes.o
 .text          0x08000c08        0x0 object/kunistd.o
 .text          0x08000c08      0x31c object/schedule.o
                0x08000c08                set_sleeping_task
                0x08000c28                task_start
                0x08000c6c                initialize_queue
                0x08000c98                add_to_ready_queue
                0x08000cf4                queue_front_
                0x08000d54                is_queue_empty
                0x08000d6c                generate_task_id
                0x08000d8c                task_create
                0x08000e9c                _schedule
                0x08000ee0                PendSV_Handler
 .text          0x08000f24       0xa4 object/sys_init.o
                0x08000f24                __sys_init
 .text          0x08000fc8      0x1dc object/kmain.o
                0x08000fc8                task_sleep
                0x08001000                task1
                0x0800109c                unprivileged_mode
                0x080010b6                __set_interrupt_priorities
                0x080010dc                kmain
 .text          0x080011a4       0xbc object/clock.o
                0x080011a4                DRV_CLOCK_INIT
 .text          0x08001260       0x20 object/gpio.o
                0x08001260                DRV_GPIO_INIT
 .text          0x08001280        0xe object/timer.o
                0x08001280                DRV_TIMER_INIT
 *fill*         0x0800128e        0x2 
 .text          0x08001290      0x220 object/usart.o
                0x08001290                DRV_USART_INIT
                0x0800134c                UART_SendChar
                0x0800137a                _USART_WRITE
                0x080013b2                _USART_READ
                0x0800140e                UART_GetChar
                0x08001438                _USART_READ_STR
 .text          0x080014b0      0x170 object/stm32_startup.o
                0x080014b0                Reset_Handler
                0x08001568                FLASH_Handler
                0x08001568                OTG_HS_EP1_IN_Handler
                0x08001568                DMA2_Stream7_Handler
                0x08001568                OTG_HS_Handler
                0x08001568                SPI4_Handler
                0x08001568                DMA2_Stream3_Handler
                0x08001568                USART3_Handler
                0x08001568                NMI_Handler
                0x08001568                SAI1_Handler
                0x08001568                TIM6_DAC_Handler
                0x08001568                CAN1_RX1_Handler
                0x08001568                EXTI15_10_Handler
                0x08001568                ADC_Handler
                0x08001568                I2C1_EV_Handler
                0x08001568                TAMP_STAMP_Handler
                0x08001568                I2C3_ER_Handler
                0x08001568                WWDG_Handler
                0x08001568                EXTI4_Handler
                0x08001568                I2C3_EV_Handler
                0x08001568                DMA1_Stream1_Handler
                0x08001568                DMA2_Stream4_Handler
                0x08001568                DMA1_Stream7_Handler
                0x08001568                OTG_FS_Handler
                0x08001568                TIM1_BRK_TIM9_Handler
                0x08001568                I2C1_ER_Handler
                0x08001568                DMA1_Stream3_Handler
                0x08001568                UsageFault_Handler
                0x08001568                TIM1_UP_TIM10_Handler
                0x08001568                CAN1_RX0_Handler
                0x08001568                TIM1_CC_Handler
                0x08001568                I2C2_ER_Handler
                0x08001568                USART6_Handler
                0x08001568                TIM8_CC_Handler
                0x08001568                HDMI_CEC_Handler
                0x08001568                SAI2_Handler
                0x08001568                CAN1_SCE_Handler
                0x08001568                DMA1_Stream0_Handler
                0x08001568                OTG_HS_EP1_OUT_Handler
                0x08001568                EXTI1_Handler
                0x08001568                RTC_WKUP_Handler
                0x08001568                FMC_Handler
                0x08001568                EXTI3_Handler
                0x08001568                EXTI2_Handler
                0x08001568                UART4_Handler
                0x08001568                CAN2_RX1_Handler
                0x08001568                EXTI9_5_Handler
                0x08001568                TIM2_Handler
                0x08001568                USART1_Handler
                0x08001568                CAN2_SCE_Handler
                0x08001568                TIM3_Handler
                0x08001568                DMA2_Stream6_Handler
                0x08001568                Default_Handler
                0x08001568                DCMI_Handler
                0x08001568                TIM1_TRG_COM_TIM11_Handler
                0x08001568                RTC_Alarm_Handler
                0x08001568                TIM4_Handler
                0x08001568                TIM8_UP_TIM13_Handler
                0x08001568                CAN2_TX_Handler
                0x08001568                SPI2_Handler
                0x08001568                DMA2_Stream1_Handler
                0x08001568                DMA1_Stream2_Handler
                0x08001568                OTG_FS_WKUP_Handler
                0x08001568                EXTI0_Handler
                0x08001568                TIM8_BRK_TIM12_Handler
                0x08001568                CAN2_RX0_Handler
                0x08001568                DMA2_Stream5_Handler
                0x08001568                DMA1_Stream6_Handler
                0x08001568                SDIO_Handler
                0x08001568                FMPI2C1_ERR_Handler
                0x08001568                USART2_Handler
                0x08001568                SPI1_Handler
                0x08001568                I2C2_EV_Handler
                0x08001568                SPDIF_Rx_Handler
                0x08001568                DMA2_Stream2_Handler
                0x08001568                SPI3_Handler
                0x08001568                DMA2_Stream0_Handler
                0x08001568                RCC_Handler
                0x08001568                PVD_Handler
                0x08001568                UART5_Handler
                0x08001568                DMA1_Stream5_Handler
                0x08001568                TIM5_Handler
                0x08001568                QuadSPI_Handler
                0x08001568                TIM7_Handler
                0x08001568                TIM8_TRG_COM_TIM14_Handler
                0x08001568                CAN1_TX_Handler
                0x08001568                FPU_Handler
                0x08001568                FMPI2C1_Handler
                0x08001568                OTG_HS_WKUP_Handler
                0x08001568                DMA1_Stream4_Handler
                0x08001568                DebugMonitor_Handler
                0x0800156e                HardFault_Handler
                0x08001580                MemManage_Handler
                0x08001590                BusFault_Handler
                0x080015a0                SVCall_Handler
                0x080015b6                SVC_Handler_C
 .text          0x08001620      0x6c8 object/cm4.o
                0x08001620                __SysTick_init
                0x08001678                __sysTick_enable
                0x080016a4                __sysTick_disable
                0x080016d0                __getSysTickCount
                0x080016e8                __updateSysTick
                0x08001740                __getTime
                0x08001774                SysTick_Handler
                0x080017c4                set_task_pending
                0x080017f0                __enable_fpu
                0x08001814                SetPriorityGroup
                0x08001844                __NVIC_SetPriority
                0x08001944                __NVIC_GetPriority
                0x08001984                __NVIC_EnableIRQn
                0x080019ec                __NVIC_DisableIRQn
                0x08001a58                __NVIC_GetActive
                0x08001ab8                __get_pending_IRQn
                0x08001b18                __clear_pending_IRQn
                0x08001b80                __set_pending_IRQn
                0x08001be8                __disable_irq
                0x08001bf8                __enable_irq
                0x08001c08                __set_BASEPRI
                0x08001c28                __unset_BASEPRI
                0x08001c44                __set_PRIMASK
                0x08001c5e                __get_PRIMASK
                0x08001c78                __enable_fault_irq
                0x08001c88                __set_FAULTMASK
                0x08001ca2                __disable_fault_irq
                0x08001cb2                __get_FAULTMASK
                0x08001ccc                __get_BASEPRI
 .text          0x08001ce8      0x254 object/syscall.o
                0x08001ce8                __sys_start_task
                0x08001d20                __sys_getpid
                0x08001d44                __sys_exit
                0x08001d64                __sys_read
                0x08001dc0                __sys_write
                0x08001df4                __sys_open
                0x08001e30                __sys_gettime
                0x08001e52                __sys_reboot
                0x08001e70                __sys_yield
                0x08001e90                syscall
 .text          0x08001f3c        0x0 object/times.o
 .text          0x08001f3c      0x58c object/unistd.o
                0x08001f3c                exit
                0x08001f4c                getpid
                0x08001f6c                read
                0x08001f9a                write
                0x08001fc8                fopen
                0x08001ff0                get_time
                0x0800200e                reboot
                0x0800201e                yield
                0x0800202e                uprintf
                0x0800231c                uscanf
 *(.rodata)
 .rodata        0x080024c8       0x6a object/schedule.o
                0x08002530                initial_task_id
 *fill*         0x08002532        0x2 
 .rodata        0x08002534       0xeb object/sys_init.o
 *fill*         0x0800261f        0x1 
 .rodata        0x08002620      0x13b object/kmain.o
 *fill*         0x0800275b        0x1 
 .rodata        0x0800275c       0x46 object/stm32_startup.o
 *fill*         0x080027a2        0x2 
 .rodata        0x080027a4      0x709 object/syscall.o
                0x08002d94                sys_errlist
                0x08002e98                sys_nerr
                0x08002eb0                . = ALIGN (0x4)
 *fill*         0x08002ead        0x3 
                0x08002eb0                _etext = .
                0x08002eb0                _la_data = LOADADDR (.data)

.glue_7         0x08002eb0        0x0
 .glue_7        0x08002eb0        0x0 linker stubs

.glue_7t        0x08002eb0        0x0
 .glue_7t       0x08002eb0        0x0 linker stubs

.vfp11_veneer   0x08002eb0        0x0
 .vfp11_veneer  0x08002eb0        0x0 linker stubs

.v4_bx          0x08002eb0        0x0
 .v4_bx         0x08002eb0        0x0 linker stubs

.iplt           0x08002eb0        0x0
 .iplt          0x08002eb0        0x0 object/kstdio.o

.rel.dyn        0x08002eb0        0x0
 .rel.iplt      0x08002eb0        0x0 object/kstdio.o

.data           0x20000000       0x28 load address 0x08002eb0
                0x20000000                _sdata = .
 *(.data)
 .data          0x20000000        0x0 object/kfloat.o
 .data          0x20000000        0x0 object/kmath.o
 .data          0x20000000        0x0 object/kstdio.o
 .data          0x20000000       0x25 object/kstring.o
 .data          0x20000025        0x0 object/ktimes.o
 .data          0x20000025        0x0 object/kunistd.o
 *fill*         0x20000025        0x1 
 .data          0x20000026        0x2 object/schedule.o
                0x20000026                last_assigned
 .data          0x20000028        0x0 object/sys_init.o
 .data          0x20000028        0x0 object/kmain.o
 .data          0x20000028        0x0 object/clock.o
 .data          0x20000028        0x0 object/gpio.o
 .data          0x20000028        0x0 object/timer.o
 .data          0x20000028        0x0 object/usart.o
 .data          0x20000028        0x0 object/stm32_startup.o
 .data          0x20000028        0x0 object/cm4.o
 .data          0x20000028        0x0 object/syscall.o
 .data          0x20000028        0x0 object/times.o
 .data          0x20000028        0x0 object/unistd.o
                0x20000028                . = ALIGN (0x4)
                0x20000028                _edata = .

.igot.plt       0x20000028        0x0 load address 0x08002ed8
 .igot.plt      0x20000028        0x0 object/kstdio.o

.bss            0x20000028      0x3a8 load address 0x08002ed8
                0x20000028                _sbss = .
 *(.bss)
 .bss           0x20000028        0x0 object/kfloat.o
 .bss           0x20000028        0x0 object/kmath.o
 .bss           0x20000028        0x0 object/kstdio.o
 .bss           0x20000028       0x32 object/kstring.o
 .bss           0x2000005a        0x0 object/ktimes.o
 .bss           0x2000005a        0x0 object/kunistd.o
 *fill*         0x2000005a        0x2 
 .bss           0x2000005c       0x7c object/schedule.o
                0x2000005c                rq
                0x200000d0                current
                0x200000d4                __sleep
 .bss           0x200000d8        0x0 object/sys_init.o
 .bss           0x200000d8      0x2e4 object/kmain.o
                0x200000d8                task
                0x20000398                _sleep
                0x200003b8                global_count
 .bss           0x200003bc        0x0 object/clock.o
 .bss           0x200003bc        0x0 object/gpio.o
 .bss           0x200003bc        0x0 object/timer.o
 .bss           0x200003bc        0x0 object/usart.o
 .bss           0x200003bc        0xc object/stm32_startup.o
                0x200003bc                _bss_size
                0x200003c0                _data_size
                0x200003c4                _text_size
 .bss           0x200003c8        0x8 object/cm4.o
 .bss           0x200003d0        0x0 object/syscall.o
 .bss           0x200003d0        0x0 object/times.o
 .bss           0x200003d0        0x0 object/unistd.o
                0x200003d0                _ebss = .
OUTPUT(target/asst03.elf elf32-littlearm)
LOAD linker stubs

.comment        0x00000000       0x49
 .comment       0x00000000       0x49 object/kfloat.o
                                 0x4a (size before relaxing)
 .comment       0x00000049       0x4a object/kmath.o
 .comment       0x00000049       0x4a object/kstdio.o
 .comment       0x00000049       0x4a object/kstring.o
 .comment       0x00000049       0x4a object/ktimes.o
 .comment       0x00000049       0x4a object/kunistd.o
 .comment       0x00000049       0x4a object/schedule.o
 .comment       0x00000049       0x4a object/sys_init.o
 .comment       0x00000049       0x4a object/kmain.o
 .comment       0x00000049       0x4a object/clock.o
 .comment       0x00000049       0x4a object/gpio.o
 .comment       0x00000049       0x4a object/timer.o
 .comment       0x00000049       0x4a object/usart.o
 .comment       0x00000049       0x4a object/stm32_startup.o
 .comment       0x00000049       0x4a object/cm4.o
 .comment       0x00000049       0x4a object/syscall.o
 .comment       0x00000049       0x4a object/times.o
 .comment       0x00000049       0x4a object/unistd.o

.ARM.attributes
                0x00000000       0x32
 .ARM.attributes
                0x00000000       0x32 object/kfloat.o
 .ARM.attributes
                0x00000032       0x32 object/kmath.o
 .ARM.attributes
                0x00000064       0x32 object/kstdio.o
 .ARM.attributes
                0x00000096       0x32 object/kstring.o
 .ARM.attributes
                0x000000c8       0x32 object/ktimes.o
 .ARM.attributes
                0x000000fa       0x32 object/kunistd.o
 .ARM.attributes
                0x0000012c       0x32 object/schedule.o
 .ARM.attributes
                0x0000015e       0x32 object/sys_init.o
 .ARM.attributes
                0x00000190       0x32 object/kmain.o
 .ARM.attributes
                0x000001c2       0x32 object/clock.o
 .ARM.attributes
                0x000001f4       0x32 object/gpio.o
 .ARM.attributes
                0x00000226       0x32 object/timer.o
 .ARM.attributes
                0x00000258       0x32 object/usart.o
 .ARM.attributes
                0x0000028a       0x32 object/stm32_startup.o
 .ARM.attributes
                0x000002bc       0x32 object/cm4.o
 .ARM.attributes
                0x000002ee       0x32 object/syscall.o
 .ARM.attributes
                0x00000320       0x32 object/times.o
 .ARM.attributes
                0x00000352       0x32 object/unistd.o
